[debug] [2026-10-07T05:22:54.649Z] ----------------------------------------------------------------------
[debug] [2026-10-07T05:22:54.660Z] Command:       C:\Program Files\nodejs\node.exe C:\Users\alizz\AppData\Roaming\npm\node_modules\firebase-tools\lib\bin\firebase.js init hosting
[debug] [2026-10-07T05:22:54.660Z] CLI Version:   15.32.1
[debug] [2026-10-07T05:22:54.660Z] Platform:      win32
[debug] [2026-10-07T05:22:54.660Z] Node Version:  v25.9.0
[debug] [2026-10-07T05:22:54.661Z] Detected Agent: unknown
[debug] [2026-10-07T05:22:54.661Z] Time:          Wed Oct 07 2026 13:22:54 GMT+0800 (Philippine Standard Time)
[debug] [2026-10-07T05:22:54.661Z] ----------------------------------------------------------------------
[debug] 
[info] 
     ######## #### ########  ######## ########     ###     ######  ########
     ##        ##  ##     ## ##       ##     ##  ##   ##  ##       ##
     ######    ##  ########  ######   ########  #########  ######  ######
     ##        ##  ##    ##  ##       ##     ## ##     ##       ## ##
     ##       #### ##     ## ######## ########  ##     ##  ######  ########

You're about to initialize a Firebase project in this directory:

  C:\Users\alizz\Downloads\vb\ai-vibe-coding

[info] 
=== Project Setup
[info] 
[info] First, let's associate this project directory with a Firebase project.
[info] You can create multiple project aliases by running firebase use --add, 
[info] 
[debug] [2026-10-07T05:23:27.973Z] > command requires scopes: ["email","openid","https://www.googleapis.com/auth/cloudplatformprojects.readonly","https://www.googleapis.com/auth/firebase","https://www.googleapis.com/auth/cloud-platform"]
[debug] [2026-10-07T05:23:27.974Z] > authorizing via signed-in user (alizzander.cahusay@gmail.com)
[debug] [2026-10-07T05:23:28.025Z] Checked if tokens are valid: false, expires at: 1791345985426
[debug] [2026-10-07T05:23:28.025Z] Checked if tokens are valid: false, expires at: 1791345985426
[debug] [2026-10-07T05:23:28.026Z] > refreshing access token with scopes: []
[debug] [2026-10-07T05:23:28.030Z] >>> [apiv2][query] POST https://www.googleapis.com/oauth2/v3/token [none]
[debug] [2026-10-07T05:23:28.030Z] >>> [apiv2][body] POST https://www.googleapis.com/oauth2/v3/token [omitted]
[debug] [2026-10-07T05:23:28.500Z] <<< [apiv2][status] POST https://www.googleapis.com/oauth2/v3/token 200
[debug] [2026-10-07T05:23:28.501Z] <<< [apiv2][body] POST https://www.googleapis.com/oauth2/v3/token [omitted]
[debug] [2026-10-07T05:23:28.523Z] >>> [apiv2][query] GET https://firebase.googleapis.com/v1beta1/projects pageSize=100
[debug] [2026-10-07T05:23:29.453Z] <<< [apiv2][status] GET https://firebase.googleapis.com/v1beta1/projects 200
[debug] [2026-10-07T05:23:29.453Z] <<< [apiv2][body] GET https://firebase.googleapis.com/v1beta1/projects [omitted]
[info] 
=== Hosting Setup
[debug] [2026-10-07T05:23:33.951Z] Error: Cannot find module 'vite'
Require stack:
- C:\Users\alizz\AppData\Roaming\npm\node_modules\firebase-tools\lib\frameworks\utils.js
- C:\Users\alizz\AppData\Roaming\npm\node_modules\firebase-tools\lib\frameworks\index.js
- C:\Users\alizz\AppData\Roaming\npm\node_modules\firebase-tools\lib\init\features\hosting\index.js
- C:\Users\alizz\AppData\Roaming\npm\node_modules\firebase-tools\lib\init\features\index.js
- C:\Users\alizz\AppData\Roaming\npm\node_modules\firebase-tools\lib\init\index.js
- C:\Users\alizz\AppData\Roaming\npm\node_modules\firebase-tools\lib\commands\init.js
- C:\Users\alizz\AppData\Roaming\npm\node_modules\firebase-tools\lib\commands\index.js
- C:\Users\alizz\AppData\Roaming\npm\node_modules\firebase-tools\lib\index.js
- C:\Users\alizz\AppData\Roaming\npm\node_modules\firebase-tools\lib\bin\cli.js
- C:\Users\alizz\AppData\Roaming\npm\node_modules\firebase-tools\lib\bin\firebase.js
    at Module._resolveFilename (node:internal/modules/cjs/loader:1475:15)
    at wrapResolveFilename (node:internal/modules/cjs/loader:1048:27)
    at resolveForCJSWithHooks (node:internal/modules/cjs/loader:1093:12)
    at require.resolve (node:internal/modules/helpers:209:31)
    at relativeRequire (C:\Users\alizz\AppData\Roaming\npm\node_modules\firebase-tools\lib\frameworks\utils.js:259:34)
    at getConfig (C:\Users\alizz\AppData\Roaming\npm\node_modules\firebase-tools\lib\frameworks\vite\index.js:112:65)
    at discover (C:\Users\alizz\AppData\Roaming\npm\node_modules\firebase-tools\lib\frameworks\vite\index.js:65:68)
    at async C:\Users\alizz\AppData\Roaming\npm\node_modules\firebase-tools\lib\frameworks\vite\index.js:44:55
    at async discover (C:\Users\alizz\AppData\Roaming\npm\node_modules\firebase-tools\lib\frameworks\index.js:50:32)
    at async Object.askQuestions (C:\Users\alizz\AppData\Roaming\npm\node_modules\firebase-tools\lib\init\features\hosting\index.js:23:33)
[error] 
[error] Error: An unexpected error has occurred.
[debug] [2026-10-07T05:25:18.960Z] ----------------------------------------------------------------------
[debug] [2026-10-07T05:25:18.965Z] Command:       C:\Program Files\nodejs\node.exe C:\Users\alizz\AppData\Roaming\npm\node_modules\firebase-tools\lib\bin\firebase.js init hosting
[debug] [2026-10-07T05:25:18.965Z] CLI Version:   15.32.1
[debug] [2026-10-07T05:25:18.966Z] Platform:      win32
[debug] [2026-10-07T05:25:18.966Z] Node Version:  v25.9.0
[debug] [2026-10-07T05:25:18.966Z] Detected Agent: unknown
[debug] [2026-10-07T05:25:18.966Z] Time:          Wed Oct 07 2026 13:25:18 GMT+0800 (Philippine Standard Time)
[debug] [2026-10-07T05:25:18.966Z] ----------------------------------------------------------------------
[debug] 
[info] 
     ######## #### ########  ######## ########     ###     ######  ########
     ##        ##  ##     ## ##       ##     ##  ##   ##  ##       ##
     ######    ##  ########  ######   ########  #########  ######  ######
     ##        ##  ##    ##  ##       ##     ## ##     ##       ## ##
     ##       #### ##     ## ######## ########  ##     ##  ######  ########

You're about to initialize a Firebase project in this directory:

  C:\Users\alizz\Downloads\vb\ai-vibe-coding

[info] 
=== Project Setup
[info] 
[info] First, let's associate this project directory with a Firebase project.
[info] You can create multiple project aliases by running firebase use --add, 
[info] 
[debug] [2026-10-07T05:25:23.839Z] > command requires scopes: ["email","openid","https://www.googleapis.com/auth/cloudplatformprojects.readonly","https://www.googleapis.com/auth/firebase","https://www.googleapis.com/auth/cloud-platform"]
[debug] [2026-10-07T05:25:23.840Z] > authorizing via signed-in user (alizzander.cahusay@gmail.com)
[debug] [2026-10-07T05:25:23.894Z] Checked if tokens are valid: true, expires at: 1791354207501
[debug] [2026-10-07T05:25:23.895Z] Checked if tokens are valid: true, expires at: 1791354207501
[debug] [2026-10-07T05:25:23.897Z] >>> [apiv2][query] GET https://firebase.googleapis.com/v1beta1/projects/suki-ab773 [none]
[debug] [2026-10-07T05:25:24.585Z] <<< [apiv2][status] GET https://firebase.googleapis.com/v1beta1/projects/suki-ab773 200
[debug] [2026-10-07T05:25:24.586Z] <<< [apiv2][body] GET https://firebase.googleapis.com/v1beta1/projects/suki-ab773 {"projectId":"suki-ab773","projectNumber":"895770448265","displayName":"SUKI","name":"projects/suki-ab773","resources":{"hostingSite":"suki-ab773"},"state":"ACTIVE","labels":{"firebase":"enabled","firebaseworkflows/environment":"unspecified"},"etag":"1_8a9fe1e9-c901-4d9c-b3e3-c535af8b19e4"}
[info] i  Using project suki-ab773 (SUKI) . 
[info] 
=== Hosting Setup
[debug] [2026-10-07T05:25:43.917Z] Checked if tokens are valid: true, expires at: 1791354207501
[debug] [2026-10-07T05:25:43.917Z] Checked if tokens are valid: true, expires at: 1791354207501
[debug] [2026-10-07T05:25:43.917Z] >>> [apiv2][query] GET https://firebase.googleapis.com/v1beta1/projects/suki-ab773 [none]
[debug] [2026-10-07T05:25:44.491Z] <<< [apiv2][status] GET https://firebase.googleapis.com/v1beta1/projects/suki-ab773 200
[debug] [2026-10-07T05:25:44.492Z] <<< [apiv2][body] GET https://firebase.googleapis.com/v1beta1/projects/suki-ab773 {"projectId":"suki-ab773","projectNumber":"895770448265","displayName":"SUKI","name":"projects/suki-ab773","resources":{"hostingSite":"suki-ab773"},"state":"ACTIVE","labels":{"firebase":"enabled","firebaseworkflows/environment":"unspecified"},"etag":"1_8a9fe1e9-c901-4d9c-b3e3-c535af8b19e4"}
[info] 
[info] Your public directory is the folder (relative to your project directory) that
[info] will contain Hosting assets to be uploaded with firebase deploy. If you
[info] have a build process for your assets, use your build's output directory.
[info] 
[info] 
[info] i  Detected a .git folder at C:\Users\alizz\Downloads\vb\ai-vibe-coding 
[info] i  Authorizing with GitHub to upload your service account to a GitHub repository's secrets store. 
[info] 
[info] Visit this URL on this device to log in:
[info] https://github.com/login/oauth/authorize?client_id=89cf50f02ac6aaed3484&state=319194602&redirect_uri=http%3A%2F%2Flocalhost%3A9005&scope=read%3Auser%20repo%20public_repo
[info] 
[info] Waiting for authentication...
